default-src 'none'; object-src 'none'; connect-src 'self' https://some.tracking-counter-1.com/; font-src 'self'; frame-src 'self'; img-src 'self' data: https://maps.gstatic.com https://maps.googleapis.com; media-src 'self'; script-src 'self' https://some.tracking-counter-1.com/ https://cdnjs.com/ https://code.jquery.com/ https://maps.googleapis.com https://maps.google.com https://maps.gstatic.com 'nonce-NzY4Yzg0MWU2MjhkOTc1YjgwNDM0NDhlNjQ5Mjg5NTQ='; style-src 'self'